hi,hello
abc.cab
djdjdjd
